// Jest Snapshot v1, https://goo.gl/fbAQLP

exports[`Test description component default style 1`] = `
<p
  className="hSSqPr"
/>
`;
