// Jest Snapshot v1, https://goo.gl/fbAQLP

exports[`Test answer component default style 1`] = `
<div
  className="bKLFfl"
/>
`;
