// Jest Snapshot v1, https://goo.gl/fbAQLP

exports[`Test result info default style 1`] = `
<p
  className="hcRIIt"
/>
`;
