// Jest Snapshot v1, https://goo.gl/fbAQLP

exports[`Test style default style 1`] = `
<p
  className="ddyCMY"
/>
`;
